npx : npm warn Unknown 
project config 
"auto-install-peers". This 
will stop working in the 
next major version of npm.
At line:1 char:1
+ npx pnpm -C 
artifacts/south-point-school 
build > build_errors.txt 2>& 
...
+ ~~~~~~~~~~~~~~~~~~~~~~~~~~~
~~~~~~~~~~~~~~~~~~~~~~~~~~~~~
~~~~~~~~~~~~~
    + CategoryInfo           
   : NotSpecified: (npm war  
  n Unknow...version of np   
 m.:String) [], RemoteExc    
eption
    + FullyQualifiedErrorId  
   : NativeCommandError
 
npm warn Unknown project 
config 
"strict-peer-dependencies". 
This will stop working in 
the next major version of 
npm.

> @workspace/south-point-school@0.0.0 build D:\South-Point-Design\South-Point-Design\artifacts\south-point-school
> vite build --config vite.config.ts

[33mYou are using Node.js 
20.17.0. Vite requires 
Node.js version 20.19+ or 
22.12+. Please upgrade your 
Node.js version.[39m
D:\South-Point-Design\South-P
oint-Design\node_modules\.pnp
m\rollup@4.59.0\node_modules\
rollup\dist\native.js:115
		throw new Error(
		      ^

Error: Cannot find module @ro
llup/rollup-win32-x64-msvc. 
npm has a bug related to 
optional dependencies (https:
//github.com/npm/cli/issues/4
828). Please try `npm i` 
again after removing both 
package-lock.json and 
node_modules directory.
    at 
requireWithFriendlyError (D:\
South-Point-Design\South-Poin
t-Design\node_modules\.pnpm\r
ollup@4.59.0\node_modules\rol
lup\dist\native.js:115:9)
    at Object.<anonymous> (D:
\South-Point-Design\South-Poi
nt-Design\node_modules\.pnpm\
rollup@4.59.0\node_modules\ro
llup\dist\native.js:124:76)
    ... 3 lines matching 
cause stack trace ...
    at Module._load (node:int
ernal/modules/cjs/loader:1104
:12)
    at cjsLoader (node:intern
al/modules/esm/translators:34
6:17)
    at 
ModuleWrap.<anonymous> (node:
internal/modules/esm/translat
ors:286:7)
    at ModuleJob.run (node:in
ternal/modules/esm/module_job
:234:25)
    at async 
ModuleLoader.import (node:int
ernal/modules/esm/loader:473:
24) {
  [cause]: Error: Cannot 
find module '@rollup/rollup-w
in32-x64-msvc'
  Require stack:
  - D:\South-Point-Design\Sou
th-Point-Design\node_modules\
.pnpm\rollup@4.59.0\node_modu
les\rollup\dist\native.js
      at 
Module._resolveFilename (node
:internal/modules/cjs/loader:
1225:15)
      at Module._load (node:i
nternal/modules/cjs/loader:10
51:27)
      at Module.require (node
:internal/modules/cjs/loader:
1311:19)
      at require (node:intern
al/modules/helpers:179:18)
      at 
requireWithFriendlyError (D:\
South-Point-Design\South-Poin
t-Design\node_modules\.pnpm\r
ollup@4.59.0\node_modules\rol
lup\dist\native.js:97:10)
      at Object.<anonymous> (
D:\South-Point-Design\South-P
oint-Design\node_modules\.pnp
m\rollup@4.59.0\node_modules\
rollup\dist\native.js:124:76)
      at Module._compile (nod
e:internal/modules/cjs/loader
:1469:14)
      at 
Module._extensions..js (node:
internal/modules/cjs/loader:1
548:10)
      at Module.load (node:in
ternal/modules/cjs/loader:128
8:32)
      at Module._load (node:i
nternal/modules/cjs/loader:11
04:12) {
    code: 'MODULE_NOT_FOUND',
    requireStack: [
      'D:\\South-Point-Design
\\South-Point-Design\\node_mo
dules\\.pnpm\\rollup@4.59.0\\
node_modules\\rollup\\dist\\n
ative.js'
    ]
  }
}

Node.js v20.17.0
ΓÇëELIFECYCLEΓÇë Command failed with exit code 1.
